<?xml version="1.0" encoding="UTF-8"?>
<testsuites name="Mocha Tests" time="0.0010" tests="4" failures="0">
  <testsuite name="Root Suite" timestamp="2020-11-18T22:14:54" tests="0" time="0.0000" failures="0">
  </testsuite>
  <testsuite name="Mathematical Operations - Test Suite" timestamp="2020-11-18T22:14:54" tests="4" file="C:\SATPage2\simpletestmocha.js" time="0.0010" failures="0">
    <testcase name="Mathematical Operations - Test Suite Addition of two numbers" time="0.0010" classname="Addition of two numbers">
    </testcase>
    <testcase name="Mathematical Operations - Test Suite Substraction of two numbers" time="0.0000" classname="Substraction of two numbers">
    </testcase>
    <testcase name="Mathematical Operations - Test Suite Multiplication of two numbers" time="0.0000" classname="Multiplication of two numbers">
    </testcase>
    <testcase name="Mathematical Operations - Test Suite Division of two numbers" time="0.0000" classname="Division of two numbers">
    </testcase>
  </testsuite>
</testsuites>